<?xml version="1.0" encoding="utf-8"?>
<TestRun id="98cdcade-9254-44d5-86c4-bd9df958a5cc" name="rahul@RAHUL 2026-01-03 17:11:35" runUser="RAHUL\rahul" xmlns="http://microsoft.com/schemas/VisualStudio/TeamTest/2010">
  <Times creation="2026-01-03T17:11:35.0964934+05:30" queuing="2026-01-03T17:11:35.0964939+05:30" start="2026-01-03T17:11:31.1334126+05:30" finish="2026-01-03T17:11:35.6973180+05:30" />
  <TestSettings name="default" id="9ac58578-ae0c-458c-8a5d-35789515a700">
    <Deployment runDeploymentRoot="rahul_RAHUL_2026-01-03_17_11_35" />
  </TestSettings>
  <Results>
    <UnitTestResult executionId="a760068f-5bed-4f0f-823b-6d2830af8afa" testId="5374a856-d596-70b7-5396-76b063050643" testName="AuthService.Core.Test.Business.AuthServiceTests.GivenValidId_WhenGetUserByIdAsync_ThenReturnsUser" computerName="RAHUL" duration="00:00:00.0087631" startTime="2026-01-03T17:11:35.0299029+05:30" endTime="2026-01-03T17:11:35.0386335+05:30" testType="13cdc9d9-ddb5-4fa4-a97d-d965ccfc6d4b" outcome="Passed" testListId="8c84fa94-04c1-424b-9868-57a2d4851a1d" relativeResultsDirectory="a760068f-5bed-4f0f-823b-6d2830af8afa" />
    <UnitTestResult executionId="4142aa3d-d98b-4086-99d8-6148b6a5cddd" testId="2fdb8dea-edaa-119c-f1d2-271918e5854e" testName="AuthService.Core.Test.Business.AuthServiceTests.GivenCtor_WhenUserRepositoryNull_ThenThrows" computerName="RAHUL" duration="00:00:00.0002275" startTime="2026-01-03T17:11:35.0653553+05:30" endTime="2026-01-03T17:11:35.0654355+05:30" testType="13cdc9d9-ddb5-4fa4-a97d-d965ccfc6d4b" outcome="Passed" testListId="8c84fa94-04c1-424b-9868-57a2d4851a1d" relativeResultsDirectory="4142aa3d-d98b-4086-99d8-6148b6a5cddd" />
    <UnitTestResult executionId="a5b9477f-7a90-474a-8ac6-d74e4a0562f9" testId="423c1364-5e3d-20a6-4615-6eee15a6a40f" testName="AuthService.Core.Test.Repository.UserRepositoryTests.GivenValidContext_WhenSaveChangesAsync_ThenSavesChanges" computerName="RAHUL" duration="00:00:00.0061283" startTime="2026-01-03T17:11:35.6090540+05:30" endTime="2026-01-03T17:11:35.6150662+05:30" testType="13cdc9d9-ddb5-4fa4-a97d-d965ccfc6d4b" outcome="Passed" testListId="8c84fa94-04c1-424b-9868-57a2d4851a1d" relativeResultsDirectory="a5b9477f-7a90-474a-8ac6-d74e4a0562f9" />
    <UnitTestResult executionId="b250ed6b-401e-4a41-ad47-e9c82dd3f648" testId="986723f0-c0f2-0734-121f-389a61be3cbd" testName="AuthService.Core.Test.Repository.UserRepositoryTests.GivenExistingEmail_WhenEmailExistsAsync_ThenReturnsTrue" computerName="RAHUL" duration="00:00:00.0010704" startTime="2026-01-03T17:11:35.6165068+05:30" endTime="2026-01-03T17:11:35.6175150+05:30" testType="13cdc9d9-ddb5-4fa4-a97d-d965ccfc6d4b" outcome="Passed" testListId="8c84fa94-04c1-424b-9868-57a2d4851a1d" relativeResultsDirectory="b250ed6b-401e-4a41-ad47-e9c82dd3f648" />
    <UnitTestResult executionId="f3af041f-9acd-4bbd-8199-5922a7b89d07" testId="77e07e32-25e1-45f7-371a-8c830a0e3266" testName="AuthService.Core.Test.Business.AuthServiceTests.GivenNonExistentUser_WhenLoginAsync_ThenReturnsError" computerName="RAHUL" duration="00:00:00.0048897" startTime="2026-01-03T17:11:35.0674641+05:30" endTime="2026-01-03T17:11:35.0723095+05:30" testType="13cdc9d9-ddb5-4fa4-a97d-d965ccfc6d4b" outcome="Passed" testListId="8c84fa94-04c1-424b-9868-57a2d4851a1d" relativeResultsDirectory="f3af041f-9acd-4bbd-8199-5922a7b89d07" />
    <UnitTestResult executionId="2b231f3b-7fec-4463-be48-97a7c302a559" testId="81337304-6135-3a15-2860-e0651e441234" testName="AuthService.Core.Test.Repository.UserRepositoryTests.GivenCtor_WhenLoggerNull_ThenThrows" computerName="RAHUL" duration="00:00:00.0014936" startTime="2026-01-03T17:11:35.6227984+05:30" endTime="2026-01-03T17:11:35.6238929+05:30" testType="13cdc9d9-ddb5-4fa4-a97d-d965ccfc6d4b" outcome="Passed" testListId="8c84fa94-04c1-424b-9868-57a2d4851a1d" relativeResultsDirectory="2b231f3b-7fec-4463-be48-97a7c302a559" />
    <UnitTestResult executionId="a4dced0a-5edc-4184-80fe-bca35be12eea" testId="2667dcfb-efc3-a67d-6fcb-178b899561ae" testName="AuthService.Core.Test.Business.AuthServiceTests.GivenCtor_WhenAllSpecified_ThenInitializes" computerName="RAHUL" duration="00:00:00.0005005" startTime="2026-01-03T17:11:35.0488545+05:30" endTime="2026-01-03T17:11:35.0491829+05:30" testType="13cdc9d9-ddb5-4fa4-a97d-d965ccfc6d4b" outcome="Passed" testListId="8c84fa94-04c1-424b-9868-57a2d4851a1d" relativeResultsDirectory="a4dced0a-5edc-4184-80fe-bca35be12eea" />
    <UnitTestResult executionId="83fa32c9-8c26-453e-9ae0-b1a9a66db4c1" testId="66049867-120c-fa3f-b46a-bfa1d0a18dea" testName="AuthService.Core.Test.Repository.UserRepositoryTests.GivenNullUser_WhenAddAsync_ThenThrows" computerName="RAHUL" duration="00:00:00.0008635" startTime="2026-01-03T17:11:35.5956804+05:30" endTime="2026-01-03T17:11:35.5964790+05:30" testType="13cdc9d9-ddb5-4fa4-a97d-d965ccfc6d4b" outcome="Passed" testListId="8c84fa94-04c1-424b-9868-57a2d4851a1d" relativeResultsDirectory="83fa32c9-8c26-453e-9ae0-b1a9a66db4c1" />
    <UnitTestResult executionId="b24662c5-dc11-4ac4-8a43-c526c32a7556" testId="1353547f-40ba-16ea-dfcf-1ff2e7afeaca" testName="AuthService.Core.Test.Business.AuthServiceTests.GivenNonExistentId_WhenGetUserByIdAsync_ThenReturnsNull" computerName="RAHUL" duration="00:00:00.0014336" startTime="2026-01-03T17:11:35.0493314+05:30" endTime="2026-01-03T17:11:35.0507808+05:30" testType="13cdc9d9-ddb5-4fa4-a97d-d965ccfc6d4b" outcome="Passed" testListId="8c84fa94-04c1-424b-9868-57a2d4851a1d" relativeResultsDirectory="b24662c5-dc11-4ac4-8a43-c526c32a7556" />
    <UnitTestResult executionId="bab2270b-b97c-4e46-ba40-7ae3ae2ece8f" testId="03a862b9-900f-e866-7aca-c56d232b9df4" testName="AuthService.Core.Test.Business.AuthServiceTests.GivenValidCredentials_WhenLoginAsync_ThenReturnsUser" computerName="RAHUL" duration="00:00:00.0026756" startTime="2026-01-03T17:11:35.0660493+05:30" endTime="2026-01-03T17:11:35.0661007+05:30" testType="13cdc9d9-ddb5-4fa4-a97d-d965ccfc6d4b" outcome="Passed" testListId="8c84fa94-04c1-424b-9868-57a2d4851a1d" relativeResultsDirectory="bab2270b-b97c-4e46-ba40-7ae3ae2ece8f" />
    <UnitTestResult executionId="dda6e98e-a1ff-4a0d-9474-d54b190b38ae" testId="b6385890-fded-cf03-4e01-2b5525f1f727" testName="AuthService.Core.Test.Repository.UserRepositoryTests.GivenNonExistentEmail_WhenEmailExistsAsync_ThenReturnsFalse" computerName="RAHUL" duration="00:00:00.0108289" startTime="2026-01-03T17:11:35.5978321+05:30" endTime="2026-01-03T17:11:35.6088144+05:30" testType="13cdc9d9-ddb5-4fa4-a97d-d965ccfc6d4b" outcome="Passed" testListId="8c84fa94-04c1-424b-9868-57a2d4851a1d" relativeResultsDirectory="dda6e98e-a1ff-4a0d-9474-d54b190b38ae" />
    <UnitTestResult executionId="41121866-0fd3-449b-a2de-62839a1e835b" testId="7b0c3bea-5d89-a50d-c812-9e00920f899b" testName="AuthService.Core.Test.Repository.UserRepositoryTests.GivenNullUser_WhenUpdateAsync_ThenThrows" computerName="RAHUL" duration="00:00:00.0074512" startTime="2026-01-03T17:11:35.4381822+05:30" endTime="2026-01-03T17:11:35.4453897+05:30" testType="13cdc9d9-ddb5-4fa4-a97d-d965ccfc6d4b" outcome="Passed" testListId="8c84fa94-04c1-424b-9868-57a2d4851a1d" relativeResultsDirectory="41121866-0fd3-449b-a2de-62839a1e835b" />
    <UnitTestResult executionId="fa92550e-2fe9-44cd-bc56-29325b416493" testId="450318b1-c069-3def-2c4f-8916fed5dcb9" testName="AuthService.Core.Test.Repository.UserRepositoryTests.GivenCtor_WhenDbContextNull_ThenThrows" computerName="RAHUL" duration="00:00:00.0002536" startTime="2026-01-03T17:11:35.6176618+05:30" endTime="2026-01-03T17:11:35.6178352+05:30" testType="13cdc9d9-ddb5-4fa4-a97d-d965ccfc6d4b" outcome="Passed" testListId="8c84fa94-04c1-424b-9868-57a2d4851a1d" relativeResultsDirectory="fa92550e-2fe9-44cd-bc56-29325b416493" />
    <UnitTestResult executionId="a5eb7d85-fd40-4f58-9627-90a2138ca1ac" testId="dd68b18f-5d73-f7ac-ff0a-012e91c97d05" testName="AuthService.Core.Test.Repository.UserRepositoryTests.GivenNonExistentId_WhenFindByIdAsync_ThenReturnsNull" computerName="RAHUL" duration="00:00:00.0167404" startTime="2026-01-03T17:11:35.4470877+05:30" endTime="2026-01-03T17:11:35.4622954+05:30" testType="13cdc9d9-ddb5-4fa4-a97d-d965ccfc6d4b" outcome="Passed" testListId="8c84fa94-04c1-424b-9868-57a2d4851a1d" relativeResultsDirectory="a5eb7d85-fd40-4f58-9627-90a2138ca1ac" />
    <UnitTestResult executionId="991af60f-7287-4019-82bb-7046131d7050" testId="57c3c6d7-597d-7242-03a0-3c84406f9c68" testName="AuthService.Core.Test.Business.AuthServiceTests.GivenNullDto_WhenResetPasswordAsync_ThenThrows" computerName="RAHUL" duration="00:00:00.0006168" startTime="2026-01-03T17:11:35.0658773+05:30" endTime="2026-01-03T17:11:35.0659372+05:30" testType="13cdc9d9-ddb5-4fa4-a97d-d965ccfc6d4b" outcome="Passed" testListId="8c84fa94-04c1-424b-9868-57a2d4851a1d" relativeResultsDirectory="991af60f-7287-4019-82bb-7046131d7050" />
    <UnitTestResult executionId="84411600-a872-4ebb-9156-191c1e91f271" testId="06d897b1-74d0-dc2e-5516-ca08c7840e74" testName="AuthService.Core.Test.Repository.UserRepositoryTests.GivenEmptyEmail_WhenFindByEmailAsync_ThenThrows" computerName="RAHUL" duration="00:00:00.0006392" startTime="2026-01-03T17:11:35.6158610+05:30" endTime="2026-01-03T17:11:35.6159286+05:30" testType="13cdc9d9-ddb5-4fa4-a97d-d965ccfc6d4b" outcome="Passed" testListId="8c84fa94-04c1-424b-9868-57a2d4851a1d" relativeResultsDirectory="84411600-a872-4ebb-9156-191c1e91f271" />
    <UnitTestResult executionId="25f7206e-9dbe-4db2-9882-1a3549ab5f63" testId="ada1222b-d87c-fdee-25b5-e1efd7271768" testName="AuthService.Core.Test.Business.AuthServiceTests.GivenException_WhenRegisterAsync_ThenThrows" computerName="RAHUL" duration="00:00:00.0241883" startTime="2026-01-03T17:11:34.9976999+05:30" endTime="2026-01-03T17:11:35.0133357+05:30" testType="13cdc9d9-ddb5-4fa4-a97d-d965ccfc6d4b" outcome="Passed" testListId="8c84fa94-04c1-424b-9868-57a2d4851a1d" relativeResultsDirectory="25f7206e-9dbe-4db2-9882-1a3549ab5f63" />
    <UnitTestResult executionId="42c98384-76ce-4495-8727-d9d2a358eade" testId="27b75f61-c432-2018-2188-5e7ff94ead00" testName="AuthService.Core.Test.Business.AuthServiceTests.GivenValidData_WhenResetPasswordAsync_ThenReturnsTrue" computerName="RAHUL" duration="00:00:00.0097950" startTime="2026-01-03T17:11:35.0656987+05:30" endTime="2026-01-03T17:11:35.0657526+05:30" testType="13cdc9d9-ddb5-4fa4-a97d-d965ccfc6d4b" outcome="Passed" testListId="8c84fa94-04c1-424b-9868-57a2d4851a1d" relativeResultsDirectory="42c98384-76ce-4495-8727-d9d2a358eade" />
    <UnitTestResult executionId="43e9ae76-256b-47d6-a1ec-f7d66420e9a2" testId="778f7b05-5335-0c31-c583-cef37d114a3e" testName="AuthService.Core.Test.Repository.UserRepositoryTests.GivenNullEmail_WhenFindByEmailAsync_ThenThrows" computerName="RAHUL" duration="00:00:00.0006105" startTime="2026-01-03T17:11:35.6160491+05:30" endTime="2026-01-03T17:11:35.6163759+05:30" testType="13cdc9d9-ddb5-4fa4-a97d-d965ccfc6d4b" outcome="Passed" testListId="8c84fa94-04c1-424b-9868-57a2d4851a1d" relativeResultsDirectory="43e9ae76-256b-47d6-a1ec-f7d66420e9a2" />
    <UnitTestResult executionId="ac3f6b3d-19c5-41b6-b4a4-f67aad5cb0b2" testId="20431a4e-19a6-2c40-cad6-32aceab6a7ee" testName="AuthService.Core.Test.Repository.UserRepositoryTests.GivenValidUser_WhenAddAsync_ThenAddsUser" computerName="RAHUL" duration="00:00:00.0037887" startTime="2026-01-03T17:11:35.6179938+05:30" endTime="2026-01-03T17:11:35.6218357+05:30" testType="13cdc9d9-ddb5-4fa4-a97d-d965ccfc6d4b" outcome="Passed" testListId="8c84fa94-04c1-424b-9868-57a2d4851a1d" relativeResultsDirectory="ac3f6b3d-19c5-41b6-b4a4-f67aad5cb0b2" />
    <UnitTestResult executionId="602ea443-1803-4116-808a-ed887b9b8446" testId="a47219b5-70d8-8d1d-fe7e-40e1fa02ca94" testName="AuthService.Core.Test.Business.AuthServiceTests.GivenNullDto_WhenLoginAsync_ThenThrows" computerName="RAHUL" duration="00:00:00.0048007" startTime="2026-01-03T17:11:35.0389015+05:30" endTime="2026-01-03T17:11:35.0436450+05:30" testType="13cdc9d9-ddb5-4fa4-a97d-d965ccfc6d4b" outcome="Passed" testListId="8c84fa94-04c1-424b-9868-57a2d4851a1d" relativeResultsDirectory="602ea443-1803-4116-808a-ed887b9b8446" />
    <UnitTestResult executionId="8290ed9e-64c3-4606-8868-d9f050eee12b" testId="2edc988e-74ba-c7f0-0340-2a2a259852c4" testName="AuthService.Core.Test.Repository.UserRepositoryTests.GivenNonExistentEmail_WhenFindByEmailAsync_ThenReturnsNull" computerName="RAHUL" duration="00:00:01.2331659" startTime="2026-01-03T17:11:34.2491287+05:30" endTime="2026-01-03T17:11:35.4377677+05:30" testType="13cdc9d9-ddb5-4fa4-a97d-d965ccfc6d4b" outcome="Passed" testListId="8c84fa94-04c1-424b-9868-57a2d4851a1d" relativeResultsDirectory="8290ed9e-64c3-4606-8868-d9f050eee12b" />
    <UnitTestResult executionId="7c64e473-e75e-42e4-9094-9c2b018ab13e" testId="6a21df9d-d1e1-aaa6-a349-acded964e2ef" testName="AuthService.Core.Test.Business.AuthServiceTests.GivenValidData_WhenRegisterAsync_ThenReturnsUser" computerName="RAHUL" duration="00:00:00.0020262" startTime="2026-01-03T17:11:35.0662209+05:30" endTime="2026-01-03T17:11:35.0669710+05:30" testType="13cdc9d9-ddb5-4fa4-a97d-d965ccfc6d4b" outcome="Passed" testListId="8c84fa94-04c1-424b-9868-57a2d4851a1d" relativeResultsDirectory="7c64e473-e75e-42e4-9094-9c2b018ab13e" />
    <UnitTestResult executionId="686b6d44-9e6c-4f2f-8734-fd0f2e67be52" testId="66664663-f40c-23be-1493-1cacf88fe499" testName="AuthService.Core.Test.Repository.UserRepositoryTests.GivenExistingEmail_WhenFindByEmailAsync_ThenReturnsUser" computerName="RAHUL" duration="00:00:00.1201952" startTime="2026-01-03T17:11:35.4625265+05:30" endTime="2026-01-03T17:11:35.5825939+05:30" testType="13cdc9d9-ddb5-4fa4-a97d-d965ccfc6d4b" outcome="Passed" testListId="8c84fa94-04c1-424b-9868-57a2d4851a1d" relativeResultsDirectory="686b6d44-9e6c-4f2f-8734-fd0f2e67be52" />
    <UnitTestResult executionId="57d1ece7-2f12-43b3-bc63-7584efdc78a2" testId="f7fece60-be16-38f1-1ffe-04579b64e111" testName="AuthService.Core.Test.Business.AuthServiceTests.GivenNonExistentUser_WhenResetPasswordAsync_ThenReturnsFalse" computerName="RAHUL" duration="00:00:00.0162474" startTime="2026-01-03T17:11:35.0139173+05:30" endTime="2026-01-03T17:11:35.0297069+05:30" testType="13cdc9d9-ddb5-4fa4-a97d-d965ccfc6d4b" outcome="Passed" testListId="8c84fa94-04c1-424b-9868-57a2d4851a1d" relativeResultsDirectory="57d1ece7-2f12-43b3-bc63-7584efdc78a2" />
    <UnitTestResult executionId="07a50fe7-a241-4a43-aa2a-473fd532f849" testId="1a6f1de3-9f71-b539-5f34-3e0c73efc57e" testName="AuthService.Core.Test.Repository.UserRepositoryTests.GivenValidUser_WhenUpdateAsync_ThenUpdatesUser" computerName="RAHUL" duration="00:00:00.0116192" startTime="2026-01-03T17:11:35.5828227+05:30" endTime="2026-01-03T17:11:35.5942459+05:30" testType="13cdc9d9-ddb5-4fa4-a97d-d965ccfc6d4b" outcome="Passed" testListId="8c84fa94-04c1-424b-9868-57a2d4851a1d" relativeResultsDirectory="07a50fe7-a241-4a43-aa2a-473fd532f849" />
    <UnitTestResult executionId="01faa4d8-bf24-4b91-90e7-4549db25f1a6" testId="741caa74-fca7-dff9-c4d4-974ec80ee609" testName="AuthService.Core.Test.Repository.UserRepositoryTests.GivenCtor_WhenAllSpecified_ThenInitializes" computerName="RAHUL" duration="00:00:00.0001655" startTime="2026-01-03T17:11:35.5965967+05:30" endTime="2026-01-03T17:11:35.5966783+05:30" testType="13cdc9d9-ddb5-4fa4-a97d-d965ccfc6d4b" outcome="Passed" testListId="8c84fa94-04c1-424b-9868-57a2d4851a1d" relativeResultsDirectory="01faa4d8-bf24-4b91-90e7-4549db25f1a6" />
    <UnitTestResult executionId="e5290b12-ff66-40d9-a0e5-0059f87c1427" testId="6432194c-fdab-a8ee-efdd-1b740a069baa" testName="AuthService.Core.Test.Repository.UserRepositoryTests.GivenNullEmail_WhenEmailExistsAsync_ThenThrows" computerName="RAHUL" duration="00:00:00.0012586" startTime="2026-01-03T17:11:35.5944358+05:30" endTime="2026-01-03T17:11:35.5955697+05:30" testType="13cdc9d9-ddb5-4fa4-a97d-d965ccfc6d4b" outcome="Passed" testListId="8c84fa94-04c1-424b-9868-57a2d4851a1d" relativeResultsDirectory="e5290b12-ff66-40d9-a0e5-0059f87c1427" />
    <UnitTestResult executionId="7abfeee7-252e-46d6-9ebe-62ee32c85a91" testId="7305b63e-5675-b7b8-d671-19b9ab6a43f6" testName="AuthService.Core.Test.Business.AuthServiceTests.GivenCtor_WhenLoggerNull_ThenThrows" computerName="RAHUL" duration="00:00:00.0002536" startTime="2026-01-03T17:11:35.0671514+05:30" endTime="2026-01-03T17:11:35.0673077+05:30" testType="13cdc9d9-ddb5-4fa4-a97d-d965ccfc6d4b" outcome="Passed" testListId="8c84fa94-04c1-424b-9868-57a2d4851a1d" relativeResultsDirectory="7abfeee7-252e-46d6-9ebe-62ee32c85a91" />
    <UnitTestResult executionId="0dc2acd9-3f6f-4a95-a3ff-1059bb59b58f" testId="dfc18100-b215-6025-e3bb-4a788a020868" testName="AuthService.Core.Test.Business.AuthServiceTests.GivenInvalidPassword_WhenLoginAsync_ThenReturnsError" computerName="RAHUL" duration="00:00:00.0048922" startTime="2026-01-03T17:11:35.0438687+05:30" endTime="2026-01-03T17:11:35.0486681+05:30" testType="13cdc9d9-ddb5-4fa4-a97d-d965ccfc6d4b" outcome="Passed" testListId="8c84fa94-04c1-424b-9868-57a2d4851a1d" relativeResultsDirectory="0dc2acd9-3f6f-4a95-a3ff-1059bb59b58f" />
    <UnitTestResult executionId="9041ae82-c636-4688-82dd-ffe665bfeb9e" testId="85762b69-d75f-b354-0789-ce54d2837ccb" testName="AuthService.Core.Test.Repository.UserRepositoryTests.GivenExistingId_WhenFindByIdAsync_ThenReturnsUser" computerName="RAHUL" duration="00:00:00.0009943" startTime="2026-01-03T17:11:35.5967834+05:30" endTime="2026-01-03T17:11:35.5977221+05:30" testType="13cdc9d9-ddb5-4fa4-a97d-d965ccfc6d4b" outcome="Passed" testListId="8c84fa94-04c1-424b-9868-57a2d4851a1d" relativeResultsDirectory="9041ae82-c636-4688-82dd-ffe665bfeb9e" />
    <UnitTestResult executionId="d9f6b852-40d1-4727-a59f-c7886e34f695" testId="134cdbe5-c003-8bf9-4b0f-e13885a5a0c1" testName="AuthService.Core.Test.Business.AuthServiceTests.GivenNullDto_WhenRegisterAsync_ThenThrows" computerName="RAHUL" duration="00:00:00.7749970" startTime="2026-01-03T17:11:34.2507694+05:30" endTime="2026-01-03T17:11:34.9887847+05:30" testType="13cdc9d9-ddb5-4fa4-a97d-d965ccfc6d4b" outcome="Passed" testListId="8c84fa94-04c1-424b-9868-57a2d4851a1d" relativeResultsDirectory="d9f6b852-40d1-4727-a59f-c7886e34f695" />
    <UnitTestResult executionId="ffaf0de4-a9c6-4e7f-b151-ae28ae464b64" testId="fa8af959-94cb-1620-616e-6fe5fc700e1f" testName="AuthService.Core.Test.Business.AuthServiceTests.GivenCtor_WhenPasswordHasherNull_ThenThrows" computerName="RAHUL" duration="00:00:00.0004497" startTime="2026-01-03T17:11:35.0509588+05:30" endTime="2026-01-03T17:11:35.0512298+05:30" testType="13cdc9d9-ddb5-4fa4-a97d-d965ccfc6d4b" outcome="Passed" testListId="8c84fa94-04c1-424b-9868-57a2d4851a1d" relativeResultsDirectory="ffaf0de4-a9c6-4e7f-b151-ae28ae464b64" />
  </Results>
  <TestDefinitions>
    <UnitTest name="AuthService.Core.Test.Repository.UserRepositoryTests.GivenCtor_WhenAllSpecified_ThenInitializes" storage="c:\users\rahul\source\repos\electronic-paradise\services\auth-service\test\authservice.core.test\bin\debug\net8.0\authservice.core.test.dll" id="741caa74-fca7-dff9-c4d4-974ec80ee609">
      <Execution id="01faa4d8-bf24-4b91-90e7-4549db25f1a6" />
      <TestMethod codeBase="C:\Users\rahul\source\repos\Electronic-Paradise\services\auth-service\test\AuthService.Core.Test\bin\Debug\net8.0\AuthService.Core.Test.dll" adapterTypeName="executor://xunit/VsTestRunner3/netcore/" className="AuthService.Core.Test.Repository.UserRepositoryTests" name="GivenCtor_WhenAllSpecified_ThenInitializes" />
    </UnitTest>
    <UnitTest name="AuthService.Core.Test.Repository.UserRepositoryTests.GivenEmptyEmail_WhenFindByEmailAsync_ThenThrows" storage="c:\users\rahul\source\repos\electronic-paradise\services\auth-service\test\authservice.core.test\bin\debug\net8.0\authservice.core.test.dll" id="06d897b1-74d0-dc2e-5516-ca08c7840e74">
      <Execution id="84411600-a872-4ebb-9156-191c1e91f271" />
      <TestMethod codeBase="C:\Users\rahul\source\repos\Electronic-Paradise\services\auth-service\test\AuthService.Core.Test\bin\Debug\net8.0\AuthService.Core.Test.dll" adapterTypeName="executor://xunit/VsTestRunner3/netcore/" className="AuthService.Core.Test.Repository.UserRepositoryTests" name="GivenEmptyEmail_WhenFindByEmailAsync_ThenThrows" />
    </UnitTest>
    <UnitTest name="AuthService.Core.Test.Business.AuthServiceTests.GivenCtor_WhenAllSpecified_ThenInitializes" storage="c:\users\rahul\source\repos\electronic-paradise\services\auth-service\test\authservice.core.test\bin\debug\net8.0\authservice.core.test.dll" id="2667dcfb-efc3-a67d-6fcb-178b899561ae">
      <Execution id="a4dced0a-5edc-4184-80fe-bca35be12eea" />
      <TestMethod codeBase="C:\Users\rahul\source\repos\Electronic-Paradise\services\auth-service\test\AuthService.Core.Test\bin\Debug\net8.0\AuthService.Core.Test.dll" adapterTypeName="executor://xunit/VsTestRunner3/netcore/" className="AuthService.Core.Test.Business.AuthServiceTests" name="GivenCtor_WhenAllSpecified_ThenInitializes" />
    </UnitTest>
    <UnitTest name="AuthService.Core.Test.Repository.UserRepositoryTests.GivenNullEmail_WhenEmailExistsAsync_ThenThrows" storage="c:\users\rahul\source\repos\electronic-paradise\services\auth-service\test\authservice.core.test\bin\debug\net8.0\authservice.core.test.dll" id="6432194c-fdab-a8ee-efdd-1b740a069baa">
      <Execution id="e5290b12-ff66-40d9-a0e5-0059f87c1427" />
      <TestMethod codeBase="C:\Users\rahul\source\repos\Electronic-Paradise\services\auth-service\test\AuthService.Core.Test\bin\Debug\net8.0\AuthService.Core.Test.dll" adapterTypeName="executor://xunit/VsTestRunner3/netcore/" className="AuthService.Core.Test.Repository.UserRepositoryTests" name="GivenNullEmail_WhenEmailExistsAsync_ThenThrows" />
    </UnitTest>
    <UnitTest name="AuthService.Core.Test.Business.AuthServiceTests.GivenNonExistentUser_WhenResetPasswordAsync_ThenReturnsFalse" storage="c:\users\rahul\source\repos\electronic-paradise\services\auth-service\test\authservice.core.test\bin\debug\net8.0\authservice.core.test.dll" id="f7fece60-be16-38f1-1ffe-04579b64e111">
      <Execution id="57d1ece7-2f12-43b3-bc63-7584efdc78a2" />
      <TestMethod codeBase="C:\Users\rahul\source\repos\Electronic-Paradise\services\auth-service\test\AuthService.Core.Test\bin\Debug\net8.0\AuthService.Core.Test.dll" adapterTypeName="executor://xunit/VsTestRunner3/netcore/" className="AuthService.Core.Test.Business.AuthServiceTests" name="GivenNonExistentUser_WhenResetPasswordAsync_ThenReturnsFalse" />
    </UnitTest>
    <UnitTest name="AuthService.Core.Test.Business.AuthServiceTests.GivenValidData_WhenResetPasswordAsync_ThenReturnsTrue" storage="c:\users\rahul\source\repos\electronic-paradise\services\auth-service\test\authservice.core.test\bin\debug\net8.0\authservice.core.test.dll" id="27b75f61-c432-2018-2188-5e7ff94ead00">
      <Execution id="42c98384-76ce-4495-8727-d9d2a358eade" />
      <TestMethod codeBase="C:\Users\rahul\source\repos\Electronic-Paradise\services\auth-service\test\AuthService.Core.Test\bin\Debug\net8.0\AuthService.Core.Test.dll" adapterTypeName="executor://xunit/VsTestRunner3/netcore/" className="AuthService.Core.Test.Business.AuthServiceTests" name="GivenValidData_WhenResetPasswordAsync_ThenReturnsTrue" />
    </UnitTest>
    <UnitTest name="AuthService.Core.Test.Repository.UserRepositoryTests.GivenNullUser_WhenAddAsync_ThenThrows" storage="c:\users\rahul\source\repos\electronic-paradise\services\auth-service\test\authservice.core.test\bin\debug\net8.0\authservice.core.test.dll" id="66049867-120c-fa3f-b46a-bfa1d0a18dea">
      <Execution id="83fa32c9-8c26-453e-9ae0-b1a9a66db4c1" />
      <TestMethod codeBase="C:\Users\rahul\source\repos\Electronic-Paradise\services\auth-service\test\AuthService.Core.Test\bin\Debug\net8.0\AuthService.Core.Test.dll" adapterTypeName="executor://xunit/VsTestRunner3/netcore/" className="AuthService.Core.Test.Repository.UserRepositoryTests" name="GivenNullUser_WhenAddAsync_ThenThrows" />
    </UnitTest>
    <UnitTest name="AuthService.Core.Test.Business.AuthServiceTests.GivenValidCredentials_WhenLoginAsync_ThenReturnsUser" storage="c:\users\rahul\source\repos\electronic-paradise\services\auth-service\test\authservice.core.test\bin\debug\net8.0\authservice.core.test.dll" id="03a862b9-900f-e866-7aca-c56d232b9df4">
      <Execution id="bab2270b-b97c-4e46-ba40-7ae3ae2ece8f" />
      <TestMethod codeBase="C:\Users\rahul\source\repos\Electronic-Paradise\services\auth-service\test\AuthService.Core.Test\bin\Debug\net8.0\AuthService.Core.Test.dll" adapterTypeName="executor://xunit/VsTestRunner3/netcore/" className="AuthService.Core.Test.Business.AuthServiceTests" name="GivenValidCredentials_WhenLoginAsync_ThenReturnsUser" />
    </UnitTest>
    <UnitTest name="AuthService.Core.Test.Repository.UserRepositoryTests.GivenNonExistentEmail_WhenEmailExistsAsync_ThenReturnsFalse" storage="c:\users\rahul\source\repos\electronic-paradise\services\auth-service\test\authservice.core.test\bin\debug\net8.0\authservice.core.test.dll" id="b6385890-fded-cf03-4e01-2b5525f1f727">
      <Execution id="dda6e98e-a1ff-4a0d-9474-d54b190b38ae" />
      <TestMethod codeBase="C:\Users\rahul\source\repos\Electronic-Paradise\services\auth-service\test\AuthService.Core.Test\bin\Debug\net8.0\AuthService.Core.Test.dll" adapterTypeName="executor://xunit/VsTestRunner3/netcore/" className="AuthService.Core.Test.Repository.UserRepositoryTests" name="GivenNonExistentEmail_WhenEmailExistsAsync_ThenReturnsFalse" />
    </UnitTest>
    <UnitTest name="AuthService.Core.Test.Business.AuthServiceTests.GivenCtor_WhenPasswordHasherNull_ThenThrows" storage="c:\users\rahul\source\repos\electronic-paradise\services\auth-service\test\authservice.core.test\bin\debug\net8.0\authservice.core.test.dll" id="fa8af959-94cb-1620-616e-6fe5fc700e1f">
      <Execution id="ffaf0de4-a9c6-4e7f-b151-ae28ae464b64" />
      <TestMethod codeBase="C:\Users\rahul\source\repos\Electronic-Paradise\services\auth-service\test\AuthService.Core.Test\bin\Debug\net8.0\AuthService.Core.Test.dll" adapterTypeName="executor://xunit/VsTestRunner3/netcore/" className="AuthService.Core.Test.Business.AuthServiceTests" name="GivenCtor_WhenPasswordHasherNull_ThenThrows" />
    </UnitTest>
    <UnitTest name="AuthService.Core.Test.Repository.UserRepositoryTests.GivenNullEmail_WhenFindByEmailAsync_ThenThrows" storage="c:\users\rahul\source\repos\electronic-paradise\services\auth-service\test\authservice.core.test\bin\debug\net8.0\authservice.core.test.dll" id="778f7b05-5335-0c31-c583-cef37d114a3e">
      <Execution id="43e9ae76-256b-47d6-a1ec-f7d66420e9a2" />
      <TestMethod codeBase="C:\Users\rahul\source\repos\Electronic-Paradise\services\auth-service\test\AuthService.Core.Test\bin\Debug\net8.0\AuthService.Core.Test.dll" adapterTypeName="executor://xunit/VsTestRunner3/netcore/" className="AuthService.Core.Test.Repository.UserRepositoryTests" name="GivenNullEmail_WhenFindByEmailAsync_ThenThrows" />
    </UnitTest>
    <UnitTest name="AuthService.Core.Test.Business.AuthServiceTests.GivenValidId_WhenGetUserByIdAsync_ThenReturnsUser" storage="c:\users\rahul\source\repos\electronic-paradise\services\auth-service\test\authservice.core.test\bin\debug\net8.0\authservice.core.test.dll" id="5374a856-d596-70b7-5396-76b063050643">
      <Execution id="a760068f-5bed-4f0f-823b-6d2830af8afa" />
      <TestMethod codeBase="C:\Users\rahul\source\repos\Electronic-Paradise\services\auth-service\test\AuthService.Core.Test\bin\Debug\net8.0\AuthService.Core.Test.dll" adapterTypeName="executor://xunit/VsTestRunner3/netcore/" className="AuthService.Core.Test.Business.AuthServiceTests" name="GivenValidId_WhenGetUserByIdAsync_ThenReturnsUser" />
    </UnitTest>
    <UnitTest name="AuthService.Core.Test.Business.AuthServiceTests.GivenNullDto_WhenLoginAsync_ThenThrows" storage="c:\users\rahul\source\repos\electronic-paradise\services\auth-service\test\authservice.core.test\bin\debug\net8.0\authservice.core.test.dll" id="a47219b5-70d8-8d1d-fe7e-40e1fa02ca94">
      <Execution id="602ea443-1803-4116-808a-ed887b9b8446" />
      <TestMethod codeBase="C:\Users\rahul\source\repos\Electronic-Paradise\services\auth-service\test\AuthService.Core.Test\bin\Debug\net8.0\AuthService.Core.Test.dll" adapterTypeName="executor://xunit/VsTestRunner3/netcore/" className="AuthService.Core.Test.Business.AuthServiceTests" name="GivenNullDto_WhenLoginAsync_ThenThrows" />
    </UnitTest>
    <UnitTest name="AuthService.Core.Test.Business.AuthServiceTests.GivenCtor_WhenLoggerNull_ThenThrows" storage="c:\users\rahul\source\repos\electronic-paradise\services\auth-service\test\authservice.core.test\bin\debug\net8.0\authservice.core.test.dll" id="7305b63e-5675-b7b8-d671-19b9ab6a43f6">
      <Execution id="7abfeee7-252e-46d6-9ebe-62ee32c85a91" />
      <TestMethod codeBase="C:\Users\rahul\source\repos\Electronic-Paradise\services\auth-service\test\AuthService.Core.Test\bin\Debug\net8.0\AuthService.Core.Test.dll" adapterTypeName="executor://xunit/VsTestRunner3/netcore/" className="AuthService.Core.Test.Business.AuthServiceTests" name="GivenCtor_WhenLoggerNull_ThenThrows" />
    </UnitTest>
    <UnitTest name="AuthService.Core.Test.Business.AuthServiceTests.GivenCtor_WhenUserRepositoryNull_ThenThrows" storage="c:\users\rahul\source\repos\electronic-paradise\services\auth-service\test\authservice.core.test\bin\debug\net8.0\authservice.core.test.dll" id="2fdb8dea-edaa-119c-f1d2-271918e5854e">
      <Execution id="4142aa3d-d98b-4086-99d8-6148b6a5cddd" />
      <TestMethod codeBase="C:\Users\rahul\source\repos\Electronic-Paradise\services\auth-service\test\AuthService.Core.Test\bin\Debug\net8.0\AuthService.Core.Test.dll" adapterTypeName="executor://xunit/VsTestRunner3/netcore/" className="AuthService.Core.Test.Business.AuthServiceTests" name="GivenCtor_WhenUserRepositoryNull_ThenThrows" />
    </UnitTest>
    <UnitTest name="AuthService.Core.Test.Repository.UserRepositoryTests.GivenValidUser_WhenUpdateAsync_ThenUpdatesUser" storage="c:\users\rahul\source\repos\electronic-paradise\services\auth-service\test\authservice.core.test\bin\debug\net8.0\authservice.core.test.dll" id="1a6f1de3-9f71-b539-5f34-3e0c73efc57e">
      <Execution id="07a50fe7-a241-4a43-aa2a-473fd532f849" />
      <TestMethod codeBase="C:\Users\rahul\source\repos\Electronic-Paradise\services\auth-service\test\AuthService.Core.Test\bin\Debug\net8.0\AuthService.Core.Test.dll" adapterTypeName="executor://xunit/VsTestRunner3/netcore/" className="AuthService.Core.Test.Repository.UserRepositoryTests" name="GivenValidUser_WhenUpdateAsync_ThenUpdatesUser" />
    </UnitTest>
    <UnitTest name="AuthService.Core.Test.Repository.UserRepositoryTests.GivenCtor_WhenDbContextNull_ThenThrows" storage="c:\users\rahul\source\repos\electronic-paradise\services\auth-service\test\authservice.core.test\bin\debug\net8.0\authservice.core.test.dll" id="450318b1-c069-3def-2c4f-8916fed5dcb9">
      <Execution id="fa92550e-2fe9-44cd-bc56-29325b416493" />
      <TestMethod codeBase="C:\Users\rahul\source\repos\Electronic-Paradise\services\auth-service\test\AuthService.Core.Test\bin\Debug\net8.0\AuthService.Core.Test.dll" adapterTypeName="executor://xunit/VsTestRunner3/netcore/" className="AuthService.Core.Test.Repository.UserRepositoryTests" name="GivenCtor_WhenDbContextNull_ThenThrows" />
    </UnitTest>
    <UnitTest name="AuthService.Core.Test.Business.AuthServiceTests.GivenNullDto_WhenResetPasswordAsync_ThenThrows" storage="c:\users\rahul\source\repos\electronic-paradise\services\auth-service\test\authservice.core.test\bin\debug\net8.0\authservice.core.test.dll" id="57c3c6d7-597d-7242-03a0-3c84406f9c68">
      <Execution id="991af60f-7287-4019-82bb-7046131d7050" />
      <TestMethod codeBase="C:\Users\rahul\source\repos\Electronic-Paradise\services\auth-service\test\AuthService.Core.Test\bin\Debug\net8.0\AuthService.Core.Test.dll" adapterTypeName="executor://xunit/VsTestRunner3/netcore/" className="AuthService.Core.Test.Business.AuthServiceTests" name="GivenNullDto_WhenResetPasswordAsync_ThenThrows" />
    </UnitTest>
    <UnitTest name="AuthService.Core.Test.Repository.UserRepositoryTests.GivenExistingId_WhenFindByIdAsync_ThenReturnsUser" storage="c:\users\rahul\source\repos\electronic-paradise\services\auth-service\test\authservice.core.test\bin\debug\net8.0\authservice.core.test.dll" id="85762b69-d75f-b354-0789-ce54d2837ccb">
      <Execution id="9041ae82-c636-4688-82dd-ffe665bfeb9e" />
      <TestMethod codeBase="C:\Users\rahul\source\repos\Electronic-Paradise\services\auth-service\test\AuthService.Core.Test\bin\Debug\net8.0\AuthService.Core.Test.dll" adapterTypeName="executor://xunit/VsTestRunner3/netcore/" className="AuthService.Core.Test.Repository.UserRepositoryTests" name="GivenExistingId_WhenFindByIdAsync_ThenReturnsUser" />
    </UnitTest>
    <UnitTest name="AuthService.Core.Test.Business.AuthServiceTests.GivenNullDto_WhenRegisterAsync_ThenThrows" storage="c:\users\rahul\source\repos\electronic-paradise\services\auth-service\test\authservice.core.test\bin\debug\net8.0\authservice.core.test.dll" id="134cdbe5-c003-8bf9-4b0f-e13885a5a0c1">
      <Execution id="d9f6b852-40d1-4727-a59f-c7886e34f695" />
      <TestMethod codeBase="C:\Users\rahul\source\repos\Electronic-Paradise\services\auth-service\test\AuthService.Core.Test\bin\Debug\net8.0\AuthService.Core.Test.dll" adapterTypeName="executor://xunit/VsTestRunner3/netcore/" className="AuthService.Core.Test.Business.AuthServiceTests" name="GivenNullDto_WhenRegisterAsync_ThenThrows" />
    </UnitTest>
    <UnitTest name="AuthService.Core.Test.Business.AuthServiceTests.GivenInvalidPassword_WhenLoginAsync_ThenReturnsError" storage="c:\users\rahul\source\repos\electronic-paradise\services\auth-service\test\authservice.core.test\bin\debug\net8.0\authservice.core.test.dll" id="dfc18100-b215-6025-e3bb-4a788a020868">
      <Execution id="0dc2acd9-3f6f-4a95-a3ff-1059bb59b58f" />
      <TestMethod codeBase="C:\Users\rahul\source\repos\Electronic-Paradise\services\auth-service\test\AuthService.Core.Test\bin\Debug\net8.0\AuthService.Core.Test.dll" adapterTypeName="executor://xunit/VsTestRunner3/netcore/" className="AuthService.Core.Test.Business.AuthServiceTests" name="GivenInvalidPassword_WhenLoginAsync_ThenReturnsError" />
    </UnitTest>
    <UnitTest name="AuthService.Core.Test.Business.AuthServiceTests.GivenNonExistentId_WhenGetUserByIdAsync_ThenReturnsNull" storage="c:\users\rahul\source\repos\electronic-paradise\services\auth-service\test\authservice.core.test\bin\debug\net8.0\authservice.core.test.dll" id="1353547f-40ba-16ea-dfcf-1ff2e7afeaca">
      <Execution id="b24662c5-dc11-4ac4-8a43-c526c32a7556" />
      <TestMethod codeBase="C:\Users\rahul\source\repos\Electronic-Paradise\services\auth-service\test\AuthService.Core.Test\bin\Debug\net8.0\AuthService.Core.Test.dll" adapterTypeName="executor://xunit/VsTestRunner3/netcore/" className="AuthService.Core.Test.Business.AuthServiceTests" name="GivenNonExistentId_WhenGetUserByIdAsync_ThenReturnsNull" />
    </UnitTest>
    <UnitTest name="AuthService.Core.Test.Business.AuthServiceTests.GivenException_WhenRegisterAsync_ThenThrows" storage="c:\users\rahul\source\repos\electronic-paradise\services\auth-service\test\authservice.core.test\bin\debug\net8.0\authservice.core.test.dll" id="ada1222b-d87c-fdee-25b5-e1efd7271768">
      <Execution id="25f7206e-9dbe-4db2-9882-1a3549ab5f63" />
      <TestMethod codeBase="C:\Users\rahul\source\repos\Electronic-Paradise\services\auth-service\test\AuthService.Core.Test\bin\Debug\net8.0\AuthService.Core.Test.dll" adapterTypeName="executor://xunit/VsTestRunner3/netcore/" className="AuthService.Core.Test.Business.AuthServiceTests" name="GivenException_WhenRegisterAsync_ThenThrows" />
    </UnitTest>
    <UnitTest name="AuthService.Core.Test.Repository.UserRepositoryTests.GivenValidContext_WhenSaveChangesAsync_ThenSavesChanges" storage="c:\users\rahul\source\repos\electronic-paradise\services\auth-service\test\authservice.core.test\bin\debug\net8.0\authservice.core.test.dll" id="423c1364-5e3d-20a6-4615-6eee15a6a40f">
      <Execution id="a5b9477f-7a90-474a-8ac6-d74e4a0562f9" />
      <TestMethod codeBase="C:\Users\rahul\source\repos\Electronic-Paradise\services\auth-service\test\AuthService.Core.Test\bin\Debug\net8.0\AuthService.Core.Test.dll" adapterTypeName="executor://xunit/VsTestRunner3/netcore/" className="AuthService.Core.Test.Repository.UserRepositoryTests" name="GivenValidContext_WhenSaveChangesAsync_ThenSavesChanges" />
    </UnitTest>
    <UnitTest name="AuthService.Core.Test.Repository.UserRepositoryTests.GivenNonExistentId_WhenFindByIdAsync_ThenReturnsNull" storage="c:\users\rahul\source\repos\electronic-paradise\services\auth-service\test\authservice.core.test\bin\debug\net8.0\authservice.core.test.dll" id="dd68b18f-5d73-f7ac-ff0a-012e91c97d05">
      <Execution id="a5eb7d85-fd40-4f58-9627-90a2138ca1ac" />
      <TestMethod codeBase="C:\Users\rahul\source\repos\Electronic-Paradise\services\auth-service\test\AuthService.Core.Test\bin\Debug\net8.0\AuthService.Core.Test.dll" adapterTypeName="executor://xunit/VsTestRunner3/netcore/" className="AuthService.Core.Test.Repository.UserRepositoryTests" name="GivenNonExistentId_WhenFindByIdAsync_ThenReturnsNull" />
    </UnitTest>
    <UnitTest name="AuthService.Core.Test.Business.AuthServiceTests.GivenValidData_WhenRegisterAsync_ThenReturnsUser" storage="c:\users\rahul\source\repos\electronic-paradise\services\auth-service\test\authservice.core.test\bin\debug\net8.0\authservice.core.test.dll" id="6a21df9d-d1e1-aaa6-a349-acded964e2ef">
      <Execution id="7c64e473-e75e-42e4-9094-9c2b018ab13e" />
      <TestMethod codeBase="C:\Users\rahul\source\repos\Electronic-Paradise\services\auth-service\test\AuthService.Core.Test\bin\Debug\net8.0\AuthService.Core.Test.dll" adapterTypeName="executor://xunit/VsTestRunner3/netcore/" className="AuthService.Core.Test.Business.AuthServiceTests" name="GivenValidData_WhenRegisterAsync_ThenReturnsUser" />
    </UnitTest>
    <UnitTest name="AuthService.Core.Test.Repository.UserRepositoryTests.GivenNullUser_WhenUpdateAsync_ThenThrows" storage="c:\users\rahul\source\repos\electronic-paradise\services\auth-service\test\authservice.core.test\bin\debug\net8.0\authservice.core.test.dll" id="7b0c3bea-5d89-a50d-c812-9e00920f899b">
      <Execution id="41121866-0fd3-449b-a2de-62839a1e835b" />
      <TestMethod codeBase="C:\Users\rahul\source\repos\Electronic-Paradise\services\auth-service\test\AuthService.Core.Test\bin\Debug\net8.0\AuthService.Core.Test.dll" adapterTypeName="executor://xunit/VsTestRunner3/netcore/" className="AuthService.Core.Test.Repository.UserRepositoryTests" name="GivenNullUser_WhenUpdateAsync_ThenThrows" />
    </UnitTest>
    <UnitTest name="AuthService.Core.Test.Repository.UserRepositoryTests.GivenNonExistentEmail_WhenFindByEmailAsync_ThenReturnsNull" storage="c:\users\rahul\source\repos\electronic-paradise\services\auth-service\test\authservice.core.test\bin\debug\net8.0\authservice.core.test.dll" id="2edc988e-74ba-c7f0-0340-2a2a259852c4">
      <Execution id="8290ed9e-64c3-4606-8868-d9f050eee12b" />
      <TestMethod codeBase="C:\Users\rahul\source\repos\Electronic-Paradise\services\auth-service\test\AuthService.Core.Test\bin\Debug\net8.0\AuthService.Core.Test.dll" adapterTypeName="executor://xunit/VsTestRunner3/netcore/" className="AuthService.Core.Test.Repository.UserRepositoryTests" name="GivenNonExistentEmail_WhenFindByEmailAsync_ThenReturnsNull" />
    </UnitTest>
    <UnitTest name="AuthService.Core.Test.Business.AuthServiceTests.GivenNonExistentUser_WhenLoginAsync_ThenReturnsError" storage="c:\users\rahul\source\repos\electronic-paradise\services\auth-service\test\authservice.core.test\bin\debug\net8.0\authservice.core.test.dll" id="77e07e32-25e1-45f7-371a-8c830a0e3266">
      <Execution id="f3af041f-9acd-4bbd-8199-5922a7b89d07" />
      <TestMethod codeBase="C:\Users\rahul\source\repos\Electronic-Paradise\services\auth-service\test\AuthService.Core.Test\bin\Debug\net8.0\AuthService.Core.Test.dll" adapterTypeName="executor://xunit/VsTestRunner3/netcore/" className="AuthService.Core.Test.Business.AuthServiceTests" name="GivenNonExistentUser_WhenLoginAsync_ThenReturnsError" />
    </UnitTest>
    <UnitTest name="AuthService.Core.Test.Repository.UserRepositoryTests.GivenExistingEmail_WhenEmailExistsAsync_ThenReturnsTrue" storage="c:\users\rahul\source\repos\electronic-paradise\services\auth-service\test\authservice.core.test\bin\debug\net8.0\authservice.core.test.dll" id="986723f0-c0f2-0734-121f-389a61be3cbd">
      <Execution id="b250ed6b-401e-4a41-ad47-e9c82dd3f648" />
      <TestMethod codeBase="C:\Users\rahul\source\repos\Electronic-Paradise\services\auth-service\test\AuthService.Core.Test\bin\Debug\net8.0\AuthService.Core.Test.dll" adapterTypeName="executor://xunit/VsTestRunner3/netcore/" className="AuthService.Core.Test.Repository.UserRepositoryTests" name="GivenExistingEmail_WhenEmailExistsAsync_ThenReturnsTrue" />
    </UnitTest>
    <UnitTest name="AuthService.Core.Test.Repository.UserRepositoryTests.GivenValidUser_WhenAddAsync_ThenAddsUser" storage="c:\users\rahul\source\repos\electronic-paradise\services\auth-service\test\authservice.core.test\bin\debug\net8.0\authservice.core.test.dll" id="20431a4e-19a6-2c40-cad6-32aceab6a7ee">
      <Execution id="ac3f6b3d-19c5-41b6-b4a4-f67aad5cb0b2" />
      <TestMethod codeBase="C:\Users\rahul\source\repos\Electronic-Paradise\services\auth-service\test\AuthService.Core.Test\bin\Debug\net8.0\AuthService.Core.Test.dll" adapterTypeName="executor://xunit/VsTestRunner3/netcore/" className="AuthService.Core.Test.Repository.UserRepositoryTests" name="GivenValidUser_WhenAddAsync_ThenAddsUser" />
    </UnitTest>
    <UnitTest name="AuthService.Core.Test.Repository.UserRepositoryTests.GivenExistingEmail_WhenFindByEmailAsync_ThenReturnsUser" storage="c:\users\rahul\source\repos\electronic-paradise\services\auth-service\test\authservice.core.test\bin\debug\net8.0\authservice.core.test.dll" id="66664663-f40c-23be-1493-1cacf88fe499">
      <Execution id="686b6d44-9e6c-4f2f-8734-fd0f2e67be52" />
      <TestMethod codeBase="C:\Users\rahul\source\repos\Electronic-Paradise\services\auth-service\test\AuthService.Core.Test\bin\Debug\net8.0\AuthService.Core.Test.dll" adapterTypeName="executor://xunit/VsTestRunner3/netcore/" className="AuthService.Core.Test.Repository.UserRepositoryTests" name="GivenExistingEmail_WhenFindByEmailAsync_ThenReturnsUser" />
    </UnitTest>
    <UnitTest name="AuthService.Core.Test.Repository.UserRepositoryTests.GivenCtor_WhenLoggerNull_ThenThrows" storage="c:\users\rahul\source\repos\electronic-paradise\services\auth-service\test\authservice.core.test\bin\debug\net8.0\authservice.core.test.dll" id="81337304-6135-3a15-2860-e0651e441234">
      <Execution id="2b231f3b-7fec-4463-be48-97a7c302a559" />
      <TestMethod codeBase="C:\Users\rahul\source\repos\Electronic-Paradise\services\auth-service\test\AuthService.Core.Test\bin\Debug\net8.0\AuthService.Core.Test.dll" adapterTypeName="executor://xunit/VsTestRunner3/netcore/" className="AuthService.Core.Test.Repository.UserRepositoryTests" name="GivenCtor_WhenLoggerNull_ThenThrows" />
    </UnitTest>
  </TestDefinitions>
  <TestEntries>
    <TestEntry testId="5374a856-d596-70b7-5396-76b063050643" executionId="a760068f-5bed-4f0f-823b-6d2830af8afa" testListId="8c84fa94-04c1-424b-9868-57a2d4851a1d" />
    <TestEntry testId="2fdb8dea-edaa-119c-f1d2-271918e5854e" executionId="4142aa3d-d98b-4086-99d8-6148b6a5cddd" testListId="8c84fa94-04c1-424b-9868-57a2d4851a1d" />
    <TestEntry testId="423c1364-5e3d-20a6-4615-6eee15a6a40f" executionId="a5b9477f-7a90-474a-8ac6-d74e4a0562f9" testListId="8c84fa94-04c1-424b-9868-57a2d4851a1d" />
    <TestEntry testId="986723f0-c0f2-0734-121f-389a61be3cbd" executionId="b250ed6b-401e-4a41-ad47-e9c82dd3f648" testListId="8c84fa94-04c1-424b-9868-57a2d4851a1d" />
    <TestEntry testId="77e07e32-25e1-45f7-371a-8c830a0e3266" executionId="f3af041f-9acd-4bbd-8199-5922a7b89d07" testListId="8c84fa94-04c1-424b-9868-57a2d4851a1d" />
    <TestEntry testId="81337304-6135-3a15-2860-e0651e441234" executionId="2b231f3b-7fec-4463-be48-97a7c302a559" testListId="8c84fa94-04c1-424b-9868-57a2d4851a1d" />
    <TestEntry testId="2667dcfb-efc3-a67d-6fcb-178b899561ae" executionId="a4dced0a-5edc-4184-80fe-bca35be12eea" testListId="8c84fa94-04c1-424b-9868-57a2d4851a1d" />
    <TestEntry testId="66049867-120c-fa3f-b46a-bfa1d0a18dea" executionId="83fa32c9-8c26-453e-9ae0-b1a9a66db4c1" testListId="8c84fa94-04c1-424b-9868-57a2d4851a1d" />
    <TestEntry testId="1353547f-40ba-16ea-dfcf-1ff2e7afeaca" executionId="b24662c5-dc11-4ac4-8a43-c526c32a7556" testListId="8c84fa94-04c1-424b-9868-57a2d4851a1d" />
    <TestEntry testId="03a862b9-900f-e866-7aca-c56d232b9df4" executionId="bab2270b-b97c-4e46-ba40-7ae3ae2ece8f" testListId="8c84fa94-04c1-424b-9868-57a2d4851a1d" />
    <TestEntry testId="b6385890-fded-cf03-4e01-2b5525f1f727" executionId="dda6e98e-a1ff-4a0d-9474-d54b190b38ae" testListId="8c84fa94-04c1-424b-9868-57a2d4851a1d" />
    <TestEntry testId="7b0c3bea-5d89-a50d-c812-9e00920f899b" executionId="41121866-0fd3-449b-a2de-62839a1e835b" testListId="8c84fa94-04c1-424b-9868-57a2d4851a1d" />
    <TestEntry testId="450318b1-c069-3def-2c4f-8916fed5dcb9" executionId="fa92550e-2fe9-44cd-bc56-29325b416493" testListId="8c84fa94-04c1-424b-9868-57a2d4851a1d" />
    <TestEntry testId="dd68b18f-5d73-f7ac-ff0a-012e91c97d05" executionId="a5eb7d85-fd40-4f58-9627-90a2138ca1ac" testListId="8c84fa94-04c1-424b-9868-57a2d4851a1d" />
    <TestEntry testId="57c3c6d7-597d-7242-03a0-3c84406f9c68" executionId="991af60f-7287-4019-82bb-7046131d7050" testListId="8c84fa94-04c1-424b-9868-57a2d4851a1d" />
    <TestEntry testId="06d897b1-74d0-dc2e-5516-ca08c7840e74" executionId="84411600-a872-4ebb-9156-191c1e91f271" testListId="8c84fa94-04c1-424b-9868-57a2d4851a1d" />
    <TestEntry testId="ada1222b-d87c-fdee-25b5-e1efd7271768" executionId="25f7206e-9dbe-4db2-9882-1a3549ab5f63" testListId="8c84fa94-04c1-424b-9868-57a2d4851a1d" />
    <TestEntry testId="27b75f61-c432-2018-2188-5e7ff94ead00" executionId="42c98384-76ce-4495-8727-d9d2a358eade" testListId="8c84fa94-04c1-424b-9868-57a2d4851a1d" />
    <TestEntry testId="778f7b05-5335-0c31-c583-cef37d114a3e" executionId="43e9ae76-256b-47d6-a1ec-f7d66420e9a2" testListId="8c84fa94-04c1-424b-9868-57a2d4851a1d" />
    <TestEntry testId="20431a4e-19a6-2c40-cad6-32aceab6a7ee" executionId="ac3f6b3d-19c5-41b6-b4a4-f67aad5cb0b2" testListId="8c84fa94-04c1-424b-9868-57a2d4851a1d" />
    <TestEntry testId="a47219b5-70d8-8d1d-fe7e-40e1fa02ca94" executionId="602ea443-1803-4116-808a-ed887b9b8446" testListId="8c84fa94-04c1-424b-9868-57a2d4851a1d" />
    <TestEntry testId="2edc988e-74ba-c7f0-0340-2a2a259852c4" executionId="8290ed9e-64c3-4606-8868-d9f050eee12b" testListId="8c84fa94-04c1-424b-9868-57a2d4851a1d" />
    <TestEntry testId="6a21df9d-d1e1-aaa6-a349-acded964e2ef" executionId="7c64e473-e75e-42e4-9094-9c2b018ab13e" testListId="8c84fa94-04c1-424b-9868-57a2d4851a1d" />
    <TestEntry testId="66664663-f40c-23be-1493-1cacf88fe499" executionId="686b6d44-9e6c-4f2f-8734-fd0f2e67be52" testListId="8c84fa94-04c1-424b-9868-57a2d4851a1d" />
    <TestEntry testId="f7fece60-be16-38f1-1ffe-04579b64e111" executionId="57d1ece7-2f12-43b3-bc63-7584efdc78a2" testListId="8c84fa94-04c1-424b-9868-57a2d4851a1d" />
    <TestEntry testId="1a6f1de3-9f71-b539-5f34-3e0c73efc57e" executionId="07a50fe7-a241-4a43-aa2a-473fd532f849" testListId="8c84fa94-04c1-424b-9868-57a2d4851a1d" />
    <TestEntry testId="741caa74-fca7-dff9-c4d4-974ec80ee609" executionId="01faa4d8-bf24-4b91-90e7-4549db25f1a6" testListId="8c84fa94-04c1-424b-9868-57a2d4851a1d" />
    <TestEntry testId="6432194c-fdab-a8ee-efdd-1b740a069baa" executionId="e5290b12-ff66-40d9-a0e5-0059f87c1427" testListId="8c84fa94-04c1-424b-9868-57a2d4851a1d" />
    <TestEntry testId="7305b63e-5675-b7b8-d671-19b9ab6a43f6" executionId="7abfeee7-252e-46d6-9ebe-62ee32c85a91" testListId="8c84fa94-04c1-424b-9868-57a2d4851a1d" />
    <TestEntry testId="dfc18100-b215-6025-e3bb-4a788a020868" executionId="0dc2acd9-3f6f-4a95-a3ff-1059bb59b58f" testListId="8c84fa94-04c1-424b-9868-57a2d4851a1d" />
    <TestEntry testId="85762b69-d75f-b354-0789-ce54d2837ccb" executionId="9041ae82-c636-4688-82dd-ffe665bfeb9e" testListId="8c84fa94-04c1-424b-9868-57a2d4851a1d" />
    <TestEntry testId="134cdbe5-c003-8bf9-4b0f-e13885a5a0c1" executionId="d9f6b852-40d1-4727-a59f-c7886e34f695" testListId="8c84fa94-04c1-424b-9868-57a2d4851a1d" />
    <TestEntry testId="fa8af959-94cb-1620-616e-6fe5fc700e1f" executionId="ffaf0de4-a9c6-4e7f-b151-ae28ae464b64" testListId="8c84fa94-04c1-424b-9868-57a2d4851a1d" />
  </TestEntries>
  <TestLists>
    <TestList name="Results Not in a List" id="8c84fa94-04c1-424b-9868-57a2d4851a1d" />
    <TestList name="All Loaded Results" id="19431567-8539-422a-85d7-44ee4e166bda" />
  </TestLists>
  <ResultSummary outcome="Completed">
    <Counters total="33" executed="33" passed="33" failed="0" error="0" timeout="0" aborted="0" inconclusive="0" passedButRunAborted="0" notRunnable="0" notExecuted="0" disconnected="0" warning="0" completed="0" inProgress="0" pending="0" />
    <Output>
      <StdOut>[xUnit.net 00:00:00.00] xUnit.net VSTest Adapter v3.0.0+e341b939fe (64-bit .NET 8.0.22)&#xD;
[xUnit.net 00:00:01.04]   Discovering: AuthService.Core.Test&#xD;
[xUnit.net 00:00:01.11]   Discovered:  AuthService.Core.Test&#xD;
[xUnit.net 00:00:01.14]   Starting:    AuthService.Core.Test&#xD;
[xUnit.net 00:00:02.59]   Finished:    AuthService.Core.Test&#xD;
</StdOut>
    </Output>
  </ResultSummary>
</TestRun>