<?xml version="1.0" encoding="utf-8"?>
<TestRun id="77a8bfbb-ea50-4a9e-a018-bd6550375673" name="rahul@RAHUL 2026-01-03 17:11:33" runUser="RAHUL\rahul" xmlns="http://microsoft.com/schemas/VisualStudio/TeamTest/2010">
  <Times creation="2026-01-03T17:11:33.5579088+05:30" queuing="2026-01-03T17:11:33.5579142+05:30" start="2026-01-03T17:11:31.6162662+05:30" finish="2026-01-03T17:11:33.6678644+05:30" />
  <TestSettings name="default" id="3bab9dca-8d2c-472d-a369-a3dd158e4b94">
    <Deployment runDeploymentRoot="rahul_RAHUL_2026-01-03_17_11_33" />
  </TestSettings>
  <Results>
    <UnitTestResult executionId="e501053a-988b-424f-a31c-c440a81d624a" testId="0e59b4cc-8a9b-1b9e-c3bc-9b37c4980143" testName="AuthService.API.Test.Controllers.AuthControllerTests.GivenCtor_WhenLoggerNull_ThenThrows" computerName="RAHUL" duration="00:00:00.0026823" startTime="2026-01-03T17:11:33.4843957+05:30" endTime="2026-01-03T17:11:33.4844442+05:30" testType="13cdc9d9-ddb5-4fa4-a97d-d965ccfc6d4b" outcome="Passed" testListId="8c84fa94-04c1-424b-9868-57a2d4851a1d" relativeResultsDirectory="e501053a-988b-424f-a31c-c440a81d624a" />
    <UnitTestResult executionId="c3c93e08-af54-4d92-92ff-7a60a12e2e8d" testId="3f1da350-4814-455d-23a8-1f42741e7d36" testName="AuthService.API.Test.Controllers.HealthControllerTests.GivenHealthCheck_WhenGet_ThenReturnsOk" computerName="RAHUL" duration="00:00:00.0071663" startTime="2026-01-03T17:11:32.9831379+05:30" endTime="2026-01-03T17:11:32.9832103+05:30" testType="13cdc9d9-ddb5-4fa4-a97d-d965ccfc6d4b" outcome="Passed" testListId="8c84fa94-04c1-424b-9868-57a2d4851a1d" relativeResultsDirectory="c3c93e08-af54-4d92-92ff-7a60a12e2e8d" />
    <UnitTestResult executionId="282c77f5-7610-4636-8553-98ffaa4235d4" testId="104a9179-19af-1751-0d6f-8c880baeb7ec" testName="AuthService.API.Test.Controllers.AuthControllerTests.GivenValidData_WhenResetPassword_ThenReturnOk" computerName="RAHUL" duration="00:00:00.0305622" startTime="2026-01-03T17:11:33.4008740+05:30" endTime="2026-01-03T17:11:33.4206342+05:30" testType="13cdc9d9-ddb5-4fa4-a97d-d965ccfc6d4b" outcome="Passed" testListId="8c84fa94-04c1-424b-9868-57a2d4851a1d" relativeResultsDirectory="282c77f5-7610-4636-8553-98ffaa4235d4" />
    <UnitTestResult executionId="4e7bf955-b3ec-4aaf-99b4-288ce65c26b4" testId="c1d86e0b-01a7-486d-d25b-0c3d74bf07bb" testName="AuthService.API.Test.Controllers.AuthControllerTests.GivenCtor_WhenAllSpecified_ThenInitializes" computerName="RAHUL" duration="00:00:00.0063946" startTime="2026-01-03T17:11:33.3776616+05:30" endTime="2026-01-03T17:11:33.3838123+05:30" testType="13cdc9d9-ddb5-4fa4-a97d-d965ccfc6d4b" outcome="Passed" testListId="8c84fa94-04c1-424b-9868-57a2d4851a1d" relativeResultsDirectory="4e7bf955-b3ec-4aaf-99b4-288ce65c26b4" />
    <UnitTestResult executionId="3da1db32-74dd-4967-bbe1-ac9e01fe9009" testId="00d78dbb-4da6-2500-d629-c8f4b2e42258" testName="AuthService.API.Test.Controllers.AuthControllerTests.GivenEmptyEmail_WhenResetPassword_ThenReturnBadRequest" computerName="RAHUL" duration="00:00:00.4339579" startTime="2026-01-03T17:11:32.9352828+05:30" endTime="2026-01-03T17:11:33.3772561+05:30" testType="13cdc9d9-ddb5-4fa4-a97d-d965ccfc6d4b" outcome="Passed" testListId="8c84fa94-04c1-424b-9868-57a2d4851a1d" relativeResultsDirectory="3da1db32-74dd-4967-bbe1-ac9e01fe9009" />
    <UnitTestResult executionId="4f86984d-87eb-429b-8dc2-0cea9041ce1a" testId="6c0b6724-46d1-191c-8daf-42a507c3b4a0" testName="AuthService.API.Test.Controllers.AuthControllerTests.GivenCtor_WhenHttpClientFactoryNull_ThenThrows" computerName="RAHUL" duration="00:00:00.0013148" startTime="2026-01-03T17:11:33.3841107+05:30" endTime="2026-01-03T17:11:33.3882903+05:30" testType="13cdc9d9-ddb5-4fa4-a97d-d965ccfc6d4b" outcome="Passed" testListId="8c84fa94-04c1-424b-9868-57a2d4851a1d" relativeResultsDirectory="4f86984d-87eb-429b-8dc2-0cea9041ce1a" />
    <UnitTestResult executionId="74de8091-7dbb-4fa3-9b39-ea3aa94d815c" testId="b53c0411-c08b-ebae-2ff1-c0119eeac576" testName="AuthService.API.Test.Controllers.AuthControllerTests.GivenValidData_WhenLogin_ThenReturnOk" computerName="RAHUL" duration="00:00:00.0052663" startTime="2026-01-03T17:11:33.4846577+05:30" endTime="2026-01-03T17:11:33.4847806+05:30" testType="13cdc9d9-ddb5-4fa4-a97d-d965ccfc6d4b" outcome="Passed" testListId="8c84fa94-04c1-424b-9868-57a2d4851a1d" relativeResultsDirectory="74de8091-7dbb-4fa3-9b39-ea3aa94d815c" />
    <UnitTestResult executionId="e07014e6-f46b-4339-a42e-99fccf869e35" testId="6614ea5a-bc05-b652-62f0-3891c0e0528a" testName="AuthService.API.Test.Controllers.AuthControllerTests.GivenCtor_WhenDbContextNull_ThenThrows" computerName="RAHUL" duration="00:00:00.0006653" startTime="2026-01-03T17:11:33.3890300+05:30" endTime="2026-01-03T17:11:33.4005351+05:30" testType="13cdc9d9-ddb5-4fa4-a97d-d965ccfc6d4b" outcome="Passed" testListId="8c84fa94-04c1-424b-9868-57a2d4851a1d" relativeResultsDirectory="e07014e6-f46b-4339-a42e-99fccf869e35" />
    <UnitTestResult executionId="84e5cb05-129d-4b77-87ae-65c751259364" testId="78f1a4cb-e1d2-5282-bdf0-8415e92133b5" testName="AuthService.API.Test.Controllers.AuthControllerTests.GivenCtor_WhenJwtTokenGeneratorNull_ThenThrows" computerName="RAHUL" duration="00:00:00.0026199" startTime="2026-01-03T17:11:33.3887651+05:30" endTime="2026-01-03T17:11:33.3888459+05:30" testType="13cdc9d9-ddb5-4fa4-a97d-d965ccfc6d4b" outcome="Passed" testListId="8c84fa94-04c1-424b-9868-57a2d4851a1d" relativeResultsDirectory="84e5cb05-129d-4b77-87ae-65c751259364" />
    <UnitTestResult executionId="703937d7-a7a2-468c-8139-a48d6decf6db" testId="c828017f-b882-0412-a262-86108ae5f7a9" testName="AuthService.API.Test.Controllers.AuthControllerTests.GivenEmptyEmail_WhenLogin_ThenReturnBadRequest" computerName="RAHUL" duration="00:00:00.0064352" startTime="2026-01-03T17:11:33.4838423+05:30" endTime="2026-01-03T17:11:33.4839001+05:30" testType="13cdc9d9-ddb5-4fa4-a97d-d965ccfc6d4b" outcome="Passed" testListId="8c84fa94-04c1-424b-9868-57a2d4851a1d" relativeResultsDirectory="703937d7-a7a2-468c-8139-a48d6decf6db" />
    <UnitTestResult executionId="26465706-e16c-4b90-a2af-2850eda62d8d" testId="edba4e86-d18b-63d5-e63a-20e144e4100c" testName="AuthService.API.Test.Controllers.AuthControllerTests.GivenValidUserId_WhenMe_ThenReturnOk" computerName="RAHUL" duration="00:00:00.0149838" startTime="2026-01-03T17:11:33.4852371+05:30" endTime="2026-01-03T17:11:33.4853071+05:30" testType="13cdc9d9-ddb5-4fa4-a97d-d965ccfc6d4b" outcome="Passed" testListId="8c84fa94-04c1-424b-9868-57a2d4851a1d" relativeResultsDirectory="26465706-e16c-4b90-a2af-2850eda62d8d" />
    <UnitTestResult executionId="e59357b4-39aa-49ab-b69a-7440a3990f6e" testId="01f67baf-c843-886e-42d0-ea1c9d86233b" testName="AuthService.API.Test.Controllers.AuthControllerTests.GivenNonExistentUser_WhenResetPassword_ThenReturnNotFound" computerName="RAHUL" duration="00:00:00.0044649" startTime="2026-01-03T17:11:33.4842167+05:30" endTime="2026-01-03T17:11:33.4842671+05:30" testType="13cdc9d9-ddb5-4fa4-a97d-d965ccfc6d4b" outcome="Passed" testListId="8c84fa94-04c1-424b-9868-57a2d4851a1d" relativeResultsDirectory="e59357b4-39aa-49ab-b69a-7440a3990f6e" />
    <UnitTestResult executionId="6ae9bcc3-24c7-4a21-a5a3-f29297851329" testId="2a3e0d12-b2df-a80b-3e4a-d11abab9ecec" testName="AuthService.API.Test.Controllers.HealthControllerTests.GivenHealthCheck_WhenGet_ThenReturnsHealthyStatus" computerName="RAHUL" duration="00:00:00.0179851" startTime="2026-01-03T17:11:32.9391747+05:30" endTime="2026-01-03T17:11:32.9670127+05:30" testType="13cdc9d9-ddb5-4fa4-a97d-d965ccfc6d4b" outcome="Passed" testListId="8c84fa94-04c1-424b-9868-57a2d4851a1d" relativeResultsDirectory="6ae9bcc3-24c7-4a21-a5a3-f29297851329" />
    <UnitTestResult executionId="5b1bf6a6-a3af-496b-8ea7-3468ffc5c727" testId="fab9c81c-70d3-6e38-15e8-06a6024afbd9" testName="AuthService.API.Test.Controllers.AuthControllerTests.GivenInvalidCredentials_WhenLogin_ThenReturnUnauthorized" computerName="RAHUL" duration="00:00:00.0058432" startTime="2026-01-03T17:11:33.4840420+05:30" endTime="2026-01-03T17:11:33.4840947+05:30" testType="13cdc9d9-ddb5-4fa4-a97d-d965ccfc6d4b" outcome="Passed" testListId="8c84fa94-04c1-424b-9868-57a2d4851a1d" relativeResultsDirectory="5b1bf6a6-a3af-496b-8ea7-3468ffc5c727" />
    <UnitTestResult executionId="01fbeef4-501b-403c-9434-206a987f879f" testId="4b7e7f7d-4bd3-6ea5-7f70-6fff5193911f" testName="AuthService.API.Test.Controllers.AuthControllerTests.GivenNoUserId_WhenMe_ThenReturnUnauthorized" computerName="RAHUL" duration="00:00:00.0186474" startTime="2026-01-03T17:11:33.4849572+05:30" endTime="2026-01-03T17:11:33.4850342+05:30" testType="13cdc9d9-ddb5-4fa4-a97d-d965ccfc6d4b" outcome="Passed" testListId="8c84fa94-04c1-424b-9868-57a2d4851a1d" relativeResultsDirectory="01fbeef4-501b-403c-9434-206a987f879f" />
    <UnitTestResult executionId="d7e2f4a6-49ef-40a5-9a97-45598138d00c" testId="2c4a9787-cea8-9229-a87d-2cc2bfe9b423" testName="AuthService.API.Test.Controllers.AuthControllerTests.GivenCtor_WhenAuthServiceNull_ThenThrows" computerName="RAHUL" duration="00:00:00.0015003" startTime="2026-01-03T17:11:33.4834243+05:30" endTime="2026-01-03T17:11:33.4835079+05:30" testType="13cdc9d9-ddb5-4fa4-a97d-d965ccfc6d4b" outcome="Passed" testListId="8c84fa94-04c1-424b-9868-57a2d4851a1d" relativeResultsDirectory="d7e2f4a6-49ef-40a5-9a97-45598138d00c" />
    <UnitTestResult executionId="a869723f-0268-41aa-b40a-87c493f6717a" testId="51207796-7709-0d1f-36be-866dfb1fa94e" testName="AuthService.API.Test.Controllers.HealthControllerTests.GivenCtor_WhenInitialized_ThenCreatesInstance" computerName="RAHUL" duration="00:00:00.0001056" startTime="2026-01-03T17:11:32.9822553+05:30" endTime="2026-01-03T17:11:32.9823673+05:30" testType="13cdc9d9-ddb5-4fa4-a97d-d965ccfc6d4b" outcome="Passed" testListId="8c84fa94-04c1-424b-9868-57a2d4851a1d" relativeResultsDirectory="a869723f-0268-41aa-b40a-87c493f6717a" />
  </Results>
  <TestDefinitions>
    <UnitTest name="AuthService.API.Test.Controllers.HealthControllerTests.GivenHealthCheck_WhenGet_ThenReturnsOk" storage="c:\users\rahul\source\repos\electronic-paradise\services\auth-service\test\authservice.api.test\bin\debug\net8.0\authservice.api.test.dll" id="3f1da350-4814-455d-23a8-1f42741e7d36">
      <Execution id="c3c93e08-af54-4d92-92ff-7a60a12e2e8d" />
      <TestMethod codeBase="C:\Users\rahul\source\repos\Electronic-Paradise\services\auth-service\test\AuthService.API.Test\bin\Debug\net8.0\AuthService.API.Test.dll" adapterTypeName="executor://xunit/VsTestRunner3/netcore/" className="AuthService.API.Test.Controllers.HealthControllerTests" name="GivenHealthCheck_WhenGet_ThenReturnsOk" />
    </UnitTest>
    <UnitTest name="AuthService.API.Test.Controllers.AuthControllerTests.GivenCtor_WhenJwtTokenGeneratorNull_ThenThrows" storage="c:\users\rahul\source\repos\electronic-paradise\services\auth-service\test\authservice.api.test\bin\debug\net8.0\authservice.api.test.dll" id="78f1a4cb-e1d2-5282-bdf0-8415e92133b5">
      <Execution id="84e5cb05-129d-4b77-87ae-65c751259364" />
      <TestMethod codeBase="C:\Users\rahul\source\repos\Electronic-Paradise\services\auth-service\test\AuthService.API.Test\bin\Debug\net8.0\AuthService.API.Test.dll" adapterTypeName="executor://xunit/VsTestRunner3/netcore/" className="AuthService.API.Test.Controllers.AuthControllerTests" name="GivenCtor_WhenJwtTokenGeneratorNull_ThenThrows" />
    </UnitTest>
    <UnitTest name="AuthService.API.Test.Controllers.AuthControllerTests.GivenEmptyEmail_WhenResetPassword_ThenReturnBadRequest" storage="c:\users\rahul\source\repos\electronic-paradise\services\auth-service\test\authservice.api.test\bin\debug\net8.0\authservice.api.test.dll" id="00d78dbb-4da6-2500-d629-c8f4b2e42258">
      <Execution id="3da1db32-74dd-4967-bbe1-ac9e01fe9009" />
      <TestMethod codeBase="C:\Users\rahul\source\repos\Electronic-Paradise\services\auth-service\test\AuthService.API.Test\bin\Debug\net8.0\AuthService.API.Test.dll" adapterTypeName="executor://xunit/VsTestRunner3/netcore/" className="AuthService.API.Test.Controllers.AuthControllerTests" name="GivenEmptyEmail_WhenResetPassword_ThenReturnBadRequest" />
    </UnitTest>
    <UnitTest name="AuthService.API.Test.Controllers.HealthControllerTests.GivenHealthCheck_WhenGet_ThenReturnsHealthyStatus" storage="c:\users\rahul\source\repos\electronic-paradise\services\auth-service\test\authservice.api.test\bin\debug\net8.0\authservice.api.test.dll" id="2a3e0d12-b2df-a80b-3e4a-d11abab9ecec">
      <Execution id="6ae9bcc3-24c7-4a21-a5a3-f29297851329" />
      <TestMethod codeBase="C:\Users\rahul\source\repos\Electronic-Paradise\services\auth-service\test\AuthService.API.Test\bin\Debug\net8.0\AuthService.API.Test.dll" adapterTypeName="executor://xunit/VsTestRunner3/netcore/" className="AuthService.API.Test.Controllers.HealthControllerTests" name="GivenHealthCheck_WhenGet_ThenReturnsHealthyStatus" />
    </UnitTest>
    <UnitTest name="AuthService.API.Test.Controllers.AuthControllerTests.GivenCtor_WhenHttpClientFactoryNull_ThenThrows" storage="c:\users\rahul\source\repos\electronic-paradise\services\auth-service\test\authservice.api.test\bin\debug\net8.0\authservice.api.test.dll" id="6c0b6724-46d1-191c-8daf-42a507c3b4a0">
      <Execution id="4f86984d-87eb-429b-8dc2-0cea9041ce1a" />
      <TestMethod codeBase="C:\Users\rahul\source\repos\Electronic-Paradise\services\auth-service\test\AuthService.API.Test\bin\Debug\net8.0\AuthService.API.Test.dll" adapterTypeName="executor://xunit/VsTestRunner3/netcore/" className="AuthService.API.Test.Controllers.AuthControllerTests" name="GivenCtor_WhenHttpClientFactoryNull_ThenThrows" />
    </UnitTest>
    <UnitTest name="AuthService.API.Test.Controllers.AuthControllerTests.GivenValidData_WhenLogin_ThenReturnOk" storage="c:\users\rahul\source\repos\electronic-paradise\services\auth-service\test\authservice.api.test\bin\debug\net8.0\authservice.api.test.dll" id="b53c0411-c08b-ebae-2ff1-c0119eeac576">
      <Execution id="74de8091-7dbb-4fa3-9b39-ea3aa94d815c" />
      <TestMethod codeBase="C:\Users\rahul\source\repos\Electronic-Paradise\services\auth-service\test\AuthService.API.Test\bin\Debug\net8.0\AuthService.API.Test.dll" adapterTypeName="executor://xunit/VsTestRunner3/netcore/" className="AuthService.API.Test.Controllers.AuthControllerTests" name="GivenValidData_WhenLogin_ThenReturnOk" />
    </UnitTest>
    <UnitTest name="AuthService.API.Test.Controllers.AuthControllerTests.GivenValidData_WhenResetPassword_ThenReturnOk" storage="c:\users\rahul\source\repos\electronic-paradise\services\auth-service\test\authservice.api.test\bin\debug\net8.0\authservice.api.test.dll" id="104a9179-19af-1751-0d6f-8c880baeb7ec">
      <Execution id="282c77f5-7610-4636-8553-98ffaa4235d4" />
      <TestMethod codeBase="C:\Users\rahul\source\repos\Electronic-Paradise\services\auth-service\test\AuthService.API.Test\bin\Debug\net8.0\AuthService.API.Test.dll" adapterTypeName="executor://xunit/VsTestRunner3/netcore/" className="AuthService.API.Test.Controllers.AuthControllerTests" name="GivenValidData_WhenResetPassword_ThenReturnOk" />
    </UnitTest>
    <UnitTest name="AuthService.API.Test.Controllers.AuthControllerTests.GivenNoUserId_WhenMe_ThenReturnUnauthorized" storage="c:\users\rahul\source\repos\electronic-paradise\services\auth-service\test\authservice.api.test\bin\debug\net8.0\authservice.api.test.dll" id="4b7e7f7d-4bd3-6ea5-7f70-6fff5193911f">
      <Execution id="01fbeef4-501b-403c-9434-206a987f879f" />
      <TestMethod codeBase="C:\Users\rahul\source\repos\Electronic-Paradise\services\auth-service\test\AuthService.API.Test\bin\Debug\net8.0\AuthService.API.Test.dll" adapterTypeName="executor://xunit/VsTestRunner3/netcore/" className="AuthService.API.Test.Controllers.AuthControllerTests" name="GivenNoUserId_WhenMe_ThenReturnUnauthorized" />
    </UnitTest>
    <UnitTest name="AuthService.API.Test.Controllers.AuthControllerTests.GivenCtor_WhenAllSpecified_ThenInitializes" storage="c:\users\rahul\source\repos\electronic-paradise\services\auth-service\test\authservice.api.test\bin\debug\net8.0\authservice.api.test.dll" id="c1d86e0b-01a7-486d-d25b-0c3d74bf07bb">
      <Execution id="4e7bf955-b3ec-4aaf-99b4-288ce65c26b4" />
      <TestMethod codeBase="C:\Users\rahul\source\repos\Electronic-Paradise\services\auth-service\test\AuthService.API.Test\bin\Debug\net8.0\AuthService.API.Test.dll" adapterTypeName="executor://xunit/VsTestRunner3/netcore/" className="AuthService.API.Test.Controllers.AuthControllerTests" name="GivenCtor_WhenAllSpecified_ThenInitializes" />
    </UnitTest>
    <UnitTest name="AuthService.API.Test.Controllers.AuthControllerTests.GivenValidUserId_WhenMe_ThenReturnOk" storage="c:\users\rahul\source\repos\electronic-paradise\services\auth-service\test\authservice.api.test\bin\debug\net8.0\authservice.api.test.dll" id="edba4e86-d18b-63d5-e63a-20e144e4100c">
      <Execution id="26465706-e16c-4b90-a2af-2850eda62d8d" />
      <TestMethod codeBase="C:\Users\rahul\source\repos\Electronic-Paradise\services\auth-service\test\AuthService.API.Test\bin\Debug\net8.0\AuthService.API.Test.dll" adapterTypeName="executor://xunit/VsTestRunner3/netcore/" className="AuthService.API.Test.Controllers.AuthControllerTests" name="GivenValidUserId_WhenMe_ThenReturnOk" />
    </UnitTest>
    <UnitTest name="AuthService.API.Test.Controllers.HealthControllerTests.GivenCtor_WhenInitialized_ThenCreatesInstance" storage="c:\users\rahul\source\repos\electronic-paradise\services\auth-service\test\authservice.api.test\bin\debug\net8.0\authservice.api.test.dll" id="51207796-7709-0d1f-36be-866dfb1fa94e">
      <Execution id="a869723f-0268-41aa-b40a-87c493f6717a" />
      <TestMethod codeBase="C:\Users\rahul\source\repos\Electronic-Paradise\services\auth-service\test\AuthService.API.Test\bin\Debug\net8.0\AuthService.API.Test.dll" adapterTypeName="executor://xunit/VsTestRunner3/netcore/" className="AuthService.API.Test.Controllers.HealthControllerTests" name="GivenCtor_WhenInitialized_ThenCreatesInstance" />
    </UnitTest>
    <UnitTest name="AuthService.API.Test.Controllers.AuthControllerTests.GivenInvalidCredentials_WhenLogin_ThenReturnUnauthorized" storage="c:\users\rahul\source\repos\electronic-paradise\services\auth-service\test\authservice.api.test\bin\debug\net8.0\authservice.api.test.dll" id="fab9c81c-70d3-6e38-15e8-06a6024afbd9">
      <Execution id="5b1bf6a6-a3af-496b-8ea7-3468ffc5c727" />
      <TestMethod codeBase="C:\Users\rahul\source\repos\Electronic-Paradise\services\auth-service\test\AuthService.API.Test\bin\Debug\net8.0\AuthService.API.Test.dll" adapterTypeName="executor://xunit/VsTestRunner3/netcore/" className="AuthService.API.Test.Controllers.AuthControllerTests" name="GivenInvalidCredentials_WhenLogin_ThenReturnUnauthorized" />
    </UnitTest>
    <UnitTest name="AuthService.API.Test.Controllers.AuthControllerTests.GivenNonExistentUser_WhenResetPassword_ThenReturnNotFound" storage="c:\users\rahul\source\repos\electronic-paradise\services\auth-service\test\authservice.api.test\bin\debug\net8.0\authservice.api.test.dll" id="01f67baf-c843-886e-42d0-ea1c9d86233b">
      <Execution id="e59357b4-39aa-49ab-b69a-7440a3990f6e" />
      <TestMethod codeBase="C:\Users\rahul\source\repos\Electronic-Paradise\services\auth-service\test\AuthService.API.Test\bin\Debug\net8.0\AuthService.API.Test.dll" adapterTypeName="executor://xunit/VsTestRunner3/netcore/" className="AuthService.API.Test.Controllers.AuthControllerTests" name="GivenNonExistentUser_WhenResetPassword_ThenReturnNotFound" />
    </UnitTest>
    <UnitTest name="AuthService.API.Test.Controllers.AuthControllerTests.GivenEmptyEmail_WhenLogin_ThenReturnBadRequest" storage="c:\users\rahul\source\repos\electronic-paradise\services\auth-service\test\authservice.api.test\bin\debug\net8.0\authservice.api.test.dll" id="c828017f-b882-0412-a262-86108ae5f7a9">
      <Execution id="703937d7-a7a2-468c-8139-a48d6decf6db" />
      <TestMethod codeBase="C:\Users\rahul\source\repos\Electronic-Paradise\services\auth-service\test\AuthService.API.Test\bin\Debug\net8.0\AuthService.API.Test.dll" adapterTypeName="executor://xunit/VsTestRunner3/netcore/" className="AuthService.API.Test.Controllers.AuthControllerTests" name="GivenEmptyEmail_WhenLogin_ThenReturnBadRequest" />
    </UnitTest>
    <UnitTest name="AuthService.API.Test.Controllers.AuthControllerTests.GivenCtor_WhenAuthServiceNull_ThenThrows" storage="c:\users\rahul\source\repos\electronic-paradise\services\auth-service\test\authservice.api.test\bin\debug\net8.0\authservice.api.test.dll" id="2c4a9787-cea8-9229-a87d-2cc2bfe9b423">
      <Execution id="d7e2f4a6-49ef-40a5-9a97-45598138d00c" />
      <TestMethod codeBase="C:\Users\rahul\source\repos\Electronic-Paradise\services\auth-service\test\AuthService.API.Test\bin\Debug\net8.0\AuthService.API.Test.dll" adapterTypeName="executor://xunit/VsTestRunner3/netcore/" className="AuthService.API.Test.Controllers.AuthControllerTests" name="GivenCtor_WhenAuthServiceNull_ThenThrows" />
    </UnitTest>
    <UnitTest name="AuthService.API.Test.Controllers.AuthControllerTests.GivenCtor_WhenDbContextNull_ThenThrows" storage="c:\users\rahul\source\repos\electronic-paradise\services\auth-service\test\authservice.api.test\bin\debug\net8.0\authservice.api.test.dll" id="6614ea5a-bc05-b652-62f0-3891c0e0528a">
      <Execution id="e07014e6-f46b-4339-a42e-99fccf869e35" />
      <TestMethod codeBase="C:\Users\rahul\source\repos\Electronic-Paradise\services\auth-service\test\AuthService.API.Test\bin\Debug\net8.0\AuthService.API.Test.dll" adapterTypeName="executor://xunit/VsTestRunner3/netcore/" className="AuthService.API.Test.Controllers.AuthControllerTests" name="GivenCtor_WhenDbContextNull_ThenThrows" />
    </UnitTest>
    <UnitTest name="AuthService.API.Test.Controllers.AuthControllerTests.GivenCtor_WhenLoggerNull_ThenThrows" storage="c:\users\rahul\source\repos\electronic-paradise\services\auth-service\test\authservice.api.test\bin\debug\net8.0\authservice.api.test.dll" id="0e59b4cc-8a9b-1b9e-c3bc-9b37c4980143">
      <Execution id="e501053a-988b-424f-a31c-c440a81d624a" />
      <TestMethod codeBase="C:\Users\rahul\source\repos\Electronic-Paradise\services\auth-service\test\AuthService.API.Test\bin\Debug\net8.0\AuthService.API.Test.dll" adapterTypeName="executor://xunit/VsTestRunner3/netcore/" className="AuthService.API.Test.Controllers.AuthControllerTests" name="GivenCtor_WhenLoggerNull_ThenThrows" />
    </UnitTest>
  </TestDefinitions>
  <TestEntries>
    <TestEntry testId="0e59b4cc-8a9b-1b9e-c3bc-9b37c4980143" executionId="e501053a-988b-424f-a31c-c440a81d624a" testListId="8c84fa94-04c1-424b-9868-57a2d4851a1d" />
    <TestEntry testId="3f1da350-4814-455d-23a8-1f42741e7d36" executionId="c3c93e08-af54-4d92-92ff-7a60a12e2e8d" testListId="8c84fa94-04c1-424b-9868-57a2d4851a1d" />
    <TestEntry testId="104a9179-19af-1751-0d6f-8c880baeb7ec" executionId="282c77f5-7610-4636-8553-98ffaa4235d4" testListId="8c84fa94-04c1-424b-9868-57a2d4851a1d" />
    <TestEntry testId="c1d86e0b-01a7-486d-d25b-0c3d74bf07bb" executionId="4e7bf955-b3ec-4aaf-99b4-288ce65c26b4" testListId="8c84fa94-04c1-424b-9868-57a2d4851a1d" />
    <TestEntry testId="00d78dbb-4da6-2500-d629-c8f4b2e42258" executionId="3da1db32-74dd-4967-bbe1-ac9e01fe9009" testListId="8c84fa94-04c1-424b-9868-57a2d4851a1d" />
    <TestEntry testId="6c0b6724-46d1-191c-8daf-42a507c3b4a0" executionId="4f86984d-87eb-429b-8dc2-0cea9041ce1a" testListId="8c84fa94-04c1-424b-9868-57a2d4851a1d" />
    <TestEntry testId="b53c0411-c08b-ebae-2ff1-c0119eeac576" executionId="74de8091-7dbb-4fa3-9b39-ea3aa94d815c" testListId="8c84fa94-04c1-424b-9868-57a2d4851a1d" />
    <TestEntry testId="6614ea5a-bc05-b652-62f0-3891c0e0528a" executionId="e07014e6-f46b-4339-a42e-99fccf869e35" testListId="8c84fa94-04c1-424b-9868-57a2d4851a1d" />
    <TestEntry testId="78f1a4cb-e1d2-5282-bdf0-8415e92133b5" executionId="84e5cb05-129d-4b77-87ae-65c751259364" testListId="8c84fa94-04c1-424b-9868-57a2d4851a1d" />
    <TestEntry testId="c828017f-b882-0412-a262-86108ae5f7a9" executionId="703937d7-a7a2-468c-8139-a48d6decf6db" testListId="8c84fa94-04c1-424b-9868-57a2d4851a1d" />
    <TestEntry testId="edba4e86-d18b-63d5-e63a-20e144e4100c" executionId="26465706-e16c-4b90-a2af-2850eda62d8d" testListId="8c84fa94-04c1-424b-9868-57a2d4851a1d" />
    <TestEntry testId="01f67baf-c843-886e-42d0-ea1c9d86233b" executionId="e59357b4-39aa-49ab-b69a-7440a3990f6e" testListId="8c84fa94-04c1-424b-9868-57a2d4851a1d" />
    <TestEntry testId="2a3e0d12-b2df-a80b-3e4a-d11abab9ecec" executionId="6ae9bcc3-24c7-4a21-a5a3-f29297851329" testListId="8c84fa94-04c1-424b-9868-57a2d4851a1d" />
    <TestEntry testId="fab9c81c-70d3-6e38-15e8-06a6024afbd9" executionId="5b1bf6a6-a3af-496b-8ea7-3468ffc5c727" testListId="8c84fa94-04c1-424b-9868-57a2d4851a1d" />
    <TestEntry testId="4b7e7f7d-4bd3-6ea5-7f70-6fff5193911f" executionId="01fbeef4-501b-403c-9434-206a987f879f" testListId="8c84fa94-04c1-424b-9868-57a2d4851a1d" />
    <TestEntry testId="2c4a9787-cea8-9229-a87d-2cc2bfe9b423" executionId="d7e2f4a6-49ef-40a5-9a97-45598138d00c" testListId="8c84fa94-04c1-424b-9868-57a2d4851a1d" />
    <TestEntry testId="51207796-7709-0d1f-36be-866dfb1fa94e" executionId="a869723f-0268-41aa-b40a-87c493f6717a" testListId="8c84fa94-04c1-424b-9868-57a2d4851a1d" />
  </TestEntries>
  <TestLists>
    <TestList name="Results Not in a List" id="8c84fa94-04c1-424b-9868-57a2d4851a1d" />
    <TestList name="All Loaded Results" id="19431567-8539-422a-85d7-44ee4e166bda" />
  </TestLists>
  <ResultSummary outcome="Completed">
    <Counters total="17" executed="17" passed="17" failed="0" error="0" timeout="0" aborted="0" inconclusive="0" passedButRunAborted="0" notRunnable="0" notExecuted="0" disconnected="0" warning="0" completed="0" inProgress="0" pending="0" />
    <Output>
      <StdOut>[xUnit.net 00:00:00.00] xUnit.net VSTest Adapter v3.0.0+e341b939fe (64-bit .NET 8.0.22)&#xD;
[xUnit.net 00:00:00.17]   Discovering: AuthService.API.Test&#xD;
[xUnit.net 00:00:00.24]   Discovered:  AuthService.API.Test&#xD;
[xUnit.net 00:00:00.28]   Starting:    AuthService.API.Test&#xD;
[xUnit.net 00:00:00.87]   Finished:    AuthService.API.Test&#xD;
</StdOut>
    </Output>
  </ResultSummary>
</TestRun>